<?xml version="1.0" encoding="UTF-8"?>
<testsuites name="jest tests" tests="2" failures="0" errors="0" time="0.459">
  <testsuite name="undefined" errors="0" failures="0" skipped="0" timestamp="2022-08-01T07:35:09" time="0.409" tests="2">
    <testcase classname=" adds 1 + 2 to equal 3" name=" adds 1 + 2 to equal 3" time="0.002">
    </testcase>
    <testcase classname=" adds 3 - 1 to equal 2" name=" adds 3 - 1 to equal 2" time="0">
    </testcase>
  </testsuite>
</testsuites>